SUDO_GID=1000
MAIL=/var/mail/USER
LC_TIME=fr_FR.UTF-8
USER=USER
HOME=/home/ubuntu
LC_MONETARY=fr_FR.UTF-8
SUDO_UID=1000
LOGNAME=USER
TERM=xterm-256color
USERNAME=USER
PATH=/usr/local/sbin:/usr/local/bin:/usr/sbin:/usr/bin:/sbin:/bin:/snap/bin
LC_ADDRESS=fr_FR.UTF-8
LC_TELEPHONE=fr_FR.UTF-8
LANG=en_US.UTF-8
LS_COLORS=rs=0:di=01;34:ln=01;36:mh=00:pi=40;33:so=01;35:do=01;35:bd=40;33;01:cd=40;33;01:or=40;31;01:mi=00:su=37;41:sg=30;43:ca=30;41:tw=30;42:ow=34;42:st=37;44:ex=01;32:*.tar=01;31:*.tgz=01;31:*.arc=01;31:*.arj=01;31:*.taz=01;31:*.lha=01;31:*.lz4=01;31:*.lzh=01;31:*.lzma=01;31:*.tlz=01;31:*.txz=01;31:*.tzo=01;31:*.t7z=01;31:*.zip=01;31:*.z=01;31:*.Z=01;31:*.dz=01;31:*.gz=01;31:*.lrz=01;31:*.lz=01;31:*.lzo=01;31:*.xz=01;31:*.bz2=01;31:*.bz=01;31:*.tbz=01;31:*.tbz2=01;31:*.tz=01;31:*.deb=01;31:*.rpm=01;31:*.jar=01;31:*.war=01;31:*.ear=01;31:*.sar=01;31:*.rar=01;31:*.alz=01;31:*.ace=01;31:*.zoo=01;31:*.cpio=01;31:*.7z=01;31:*.rz=01;31:*.cab=01;31:*.jpg=01;35:*.jpeg=01;35:*.gif=01;35:*.bmp=01;35:*.pbm=01;35:*.pgm=01;35:*.ppm=01;35:*.tga=01;35:*.xbm=01;35:*.xpm=01;35:*.tif=01;35:*.tiff=01;35:*.png=01;35:*.svg=01;35:*.svgz=01;35:*.mng=01;35:*.pcx=01;35:*.mov=01;35:*.mpg=01;35:*.mpeg=01;35:*.m2v=01;35:*.mkv=01;35:*.webm=01;35:*.ogm=01;35:*.mp4=01;35:*.m4v=01;35:*.mp4v=01;35:*.vob=01;35:*.qt=01;35:*.nuv=01;35:*.wmv=01;35:*.asf=01;35:*.rm=01;35:*.rmvb=01;35:*.flc=01;35:*.avi=01;35:*.fli=01;35:*.flv=01;35:*.gl=01;35:*.dl=01;35:*.xcf=01;35:*.xwd=01;35:*.yuv=01;35:*.cgm=01;35:*.emf=01;35:*.ogv=01;35:*.ogx=01;35:*.aac=00;36:*.au=00;36:*.flac=00;36:*.m4a=00;36:*.mid=00;36:*.midi=00;36:*.mka=00;36:*.mp3=00;36:*.mpc=00;36:*.ogg=00;36:*.ra=00;36:*.wav=00;36:*.oga=00;36:*.opus=00;36:*.spx=00;36:*.xspf=00;36:
SUDO_COMMAND=./collect_environment.sh
LC_NAME=fr_FR.UTF-8
SHELL=/bin/bash
SUDO_USER=ubuntu
LC_MEASUREMENT=fr_FR.UTF-8
LC_IDENTIFICATION=fr_FR.UTF-8
PWD=/home/ubuntu/Author-Kit
LC_NUMERIC=fr_FR.UTF-8
LC_PAPER=fr_FR.UTF-8
Distributor ID:	Ubuntu
Description:	Ubuntu 16.04.4 LTS
Release:	16.04
Codename:	xenial
Linux ip-172-31-47-149 4.4.0-1085-aws #96-Ubuntu SMP Tue Jun 11 09:08:32 UTC 2019 x86_64 x86_64 x86_64 GNU/Linux
Architecture:          x86_64
CPU op-mode(s):        32-bit, 64-bit
Byte Order:            Little Endian
CPU(s):                1
On-line CPU(s) list:   0
Thread(s) per core:    1
Core(s) per socket:    1
Socket(s):             1
NUMA node(s):          1
Vendor ID:             GenuineIntel
CPU family:            6
Model:                 63
Model name:            Intel(R) Xeon(R) CPU E5-2676 v3 @ 2.40GHz
Stepping:              2
CPU MHz:               2400.048
BogoMIPS:              4800.09
Hypervisor vendor:     Xen
Virtualization type:   full
L1d cache:             32K
L1i cache:             32K
L2 cache:              256K
L3 cache:              30720K
NUMA node0 CPU(s):     0
Flags:                 fpu vme de pse tsc msr pae mce cx8 apic sep mtrr pge mca cmov pat pse36 clflush mmx fxsr sse sse2 ht syscall nx rdtscp lm constant_tsc rep_good nopl xtopology pni pclmulqdq ssse3 fma cx16 pcid sse4_1 sse4_2 x2apic movbe popcnt tsc_deadline_timer aes xsave avx f16c rdrand hypervisor lahf_lm abm invpcid_single kaiser fsgsbase bmi1 avx2 smep bmi2 erms invpcid xsaveopt
MemTotal:        1014384 kB
MemFree:          253996 kB
MemAvailable:     761916 kB
Buffers:           72144 kB
Cached:           521576 kB
SwapCached:            0 kB
Active:           381056 kB
Inactive:         243444 kB
Active(anon):      33568 kB
Inactive(anon):     2716 kB
Active(file):     347488 kB
Inactive(file):   240728 kB
Unevictable:        3652 kB
Mlocked:            3652 kB
SwapTotal:             0 kB
SwapFree:              0 kB
Dirty:                 4 kB
Writeback:             0 kB
AnonPages:         34496 kB
Mapped:            49580 kB
Shmem:              3060 kB
Slab:             112412 kB
SReclaimable:      94856 kB
SUnreclaim:        17556 kB
KernelStack:        2352 kB
PageTables:         2844 kB
NFS_Unstable:          0 kB
Bounce:                0 kB
WritebackTmp:          0 kB
CommitLimit:      507192 kB
Committed_AS:     305128 kB
VmallocTotal:   34359738367 kB
VmallocUsed:           0 kB
VmallocChunk:          0 kB
HardwareCorrupted:     0 kB
AnonHugePages:     12288 kB
CmaTotal:              0 kB
CmaFree:               0 kB
HugePages_Total:       0
HugePages_Free:        0
HugePages_Rsvd:        0
HugePages_Surp:        0
Hugepagesize:       2048 kB
DirectMap4k:       47104 kB
DirectMap2M:     1001472 kB
NAME    MAJ:MIN RM SIZE RO TYPE MOUNTPOINT
xvda    202:0    0  25G  0 disk 
`-xvda1 202:1    0  25G  0 part /
loop0     7:0    0       0 loop 
loop1     7:1    0       0 loop 
loop2     7:2    0       0 loop 
loop3     7:3    0       0 loop 
loop4     7:4    0       0 loop 
loop5     7:5    0       0 loop 
loop6     7:6    0       0 loop 
loop7     7:7    0       0 loop 
H/W path    Device  Class      Description
==========================================
                    system     HVM domU
/0                  bus        Motherboard
/0/0                memory     96KiB BIOS
/0/401              processor  Intel(R) Xeon(R) CPU E5-2676 v3 @ 2.40GHz
/0/1000             memory     1GiB System Memory
/0/1000/0           memory     1GiB DIMM RAM
/0/100              bridge     440FX - 82441FX PMC [Natoma]
/0/100/1            bridge     82371SB PIIX3 ISA [Natoma/Triton II]
/0/100/1.1          storage    82371SB PIIX3 IDE [Natoma/Triton II]
/0/100/1.3          bridge     82371AB/EB/MB PIIX4 ACPI
/0/100/2            display    GD 5446
/0/100/3            generic    Xen Platform Device
/1          eth0    network    Ethernet interface
